#-----------------------------------------------------------
# PlanAhead v14.7
# Build 321239 by xbuild on Fri Sep 27 19:31:35 MDT 2013
# Start of session at: Mon Sep 04 15:28:29 2023
# Process ID: 17744
# Log file: C:/Users/admin/Desktop/Sakda/Circuit/lab6/planAhead_run_1/planAhead.log
# Journal file: C:/Users/admin/Desktop/Sakda/Circuit/lab6/planAhead_run_1/planAhead.jou
#-----------------------------------------------------------
start_gui
source C:/Users/admin/Desktop/Sakda/Circuit/lab6/pa.fromHdl.tcl
update_compile_order -fileset sim_1
set_property package_pin "" [get_ports [list  XLXN_1]]
set_property package_pin "" [get_ports [list  XLXN_1]]
startgroup
set_property package_pin P66 [get_ports XLXN_1]
endgroup
startgroup
set_property package_pin P62 [get_ports XLXN_2]
endgroup
startgroup
set_property package_pin P61 [get_ports XLXN_3]
endgroup
startgroup
set_property package_pin P59 [get_ports XLXN_4]
endgroup
startgroup
set_property package_pin P41 [get_ports XLXN_5]
endgroup
startgroup
set_property package_pin P40 [get_ports XLXN_6]
endgroup
set_property package_pin "" [get_ports [list  XLXN_7]]
set_property package_pin "" [get_ports [list  XLXN_8]]
startgroup
set_property package_pin P35 [get_ports XLXN_7]
endgroup
startgroup
set_property package_pin P34 [get_ports XLXN_8]
endgroup
save_constraints
