Release 14.7 - xst P.20131013 (nt64)
Copyright (c) 1995-2013 Xilinx, Inc.  All rights reserved.
--> Parameter TMPDIR set to xst/projnav.tmp


Total REAL time to Xst completion: 0.00 secs
Total CPU time to Xst completion: 0.16 secs
 
--> Parameter xsthdpdir set to xst


Total REAL time to Xst completion: 0.00 secs
Total CPU time to Xst completion: 0.16 secs
 
--> Reading design: sch_6.prj

TABLE OF CONTENTS
  1) Synthesis Options Summary
  2) HDL Parsing
  3) HDL Elaboration
  4) HDL Synthesis
       4.1) HDL Synthesis Report
  5) Advanced HDL Synthesis
       5.1) Advanced HDL Synthesis Report
  6) Low Level Synthesis
  7) Partition Report
  8) Design Summary
       8.1) Primitive and Black Box Usage
       8.2) Device utilization summary
       8.3) Partition Resource Summary
       8.4) Timing Report
            8.4.1) Clock Information
            8.4.2) Asynchronous Control Signals Information
            8.4.3) Timing Summary
            8.4.4) Timing Details
            8.4.5) Cross Clock Domains Report


=========================================================================
*                      Synthesis Options Summary                        *
=========================================================================
---- Source Parameters
Input File Name                    : "sch_6.prj"
Ignore Synthesis Constraint File   : NO

---- Target Parameters
Output File Name                   : "sch_6"
Output Format                      : NGC
Target Device                      : xc6slx9-3-tqg144

---- Source Options
Top Module Name                    : sch_6
Automatic FSM Extraction           : YES
FSM Encoding Algorithm             : Auto
Safe Implementation                : No
FSM Style                          : LUT
RAM Extraction                     : Yes
RAM Style                          : Auto
ROM Extraction                     : Yes
Shift Register Extraction          : YES
ROM Style                          : Auto
Resource Sharing                   : YES
Asynchronous To Synchronous        : NO
Shift Register Minimum Size        : 2
Use DSP Block                      : Auto
Automatic Register Balancing       : No

---- Target Options
LUT Combining                      : Auto
Reduce Control Sets                : Auto
Add IO Buffers                     : YES
Global Maximum Fanout              : 100000
Add Generic Clock Buffer(BUFG)     : 16
Register Duplication               : YES
Optimize Instantiated Primitives   : NO
Use Clock Enable                   : Auto
Use Synchronous Set                : Auto
Use Synchronous Reset              : Auto
Pack IO Registers into IOBs        : Auto
Equivalent register Removal        : YES

---- General Options
Optimization Goal                  : Speed
Optimization Effort                : 1
Power Reduction                    : NO
Keep Hierarchy                     : No
Netlist Hierarchy                  : As_Optimized
RTL Output                         : Yes
Global Optimization                : AllClockNets
Read Cores                         : YES
Write Timing Constraints           : NO
Cross Clock Analysis               : NO
Hierarchy Separator                : /
Bus Delimiter                      : <>
Case Specifier                     : Maintain
Slice Utilization Ratio            : 100
BRAM Utilization Ratio             : 100
DSP48 Utilization Ratio            : 100
Auto BRAM Packing                  : NO
Slice Utilization Ratio Delta      : 5

=========================================================================


=========================================================================
*                          HDL Parsing                                  *
=========================================================================
Analyzing Verilog file "C:\Users\admin\Documents\GitHub\circuit_year_1_st\store\16-10-23\final_6\seven_seg.vf" into library work
Parsing module <seven_seg>.
Analyzing Verilog file "C:\Users\admin\Documents\GitHub\circuit_year_1_st\store\16-10-23\final_6\counter0_9.vf" into library work
Parsing module <FTC_HXILINX_counter0_9>.
Parsing module <counter0_9>.
Analyzing Verilog file "C:\Users\admin\Documents\GitHub\circuit_year_1_st\store\16-10-23\final_6\sch_6.vf" into library work
Parsing module <FTC_HXILINX_sch_6>.
Parsing module <seven_seg_MUSER_sch_6>.
Parsing module <counter0_9_MUSER_sch_6>.
Parsing module <sch_6>.

=========================================================================
*                            HDL Elaboration                            *
=========================================================================

Elaborating module <sch_6>.

Elaborating module <AND2>.

Elaborating module <counter0_9_MUSER_sch_6>.

Elaborating module <FTC_HXILINX_sch_6>.

Elaborating module <VCC>.

Elaborating module <AND3>.

Elaborating module <AND4>.

Elaborating module <INV>.

Elaborating module <seven_seg_MUSER_sch_6>.

Elaborating module <XOR2>.

Elaborating module <FD(INIT=1'b0)>.

Elaborating module <OR2>.

=========================================================================
*                           HDL Synthesis                               *
=========================================================================

Synthesizing Unit <sch_6>.
    Related source file is "C:\Users\admin\Documents\GitHub\circuit_year_1_st\store\16-10-23\final_6\sch_6.vf".
    Summary:
	no macro.
Unit <sch_6> synthesized.

Synthesizing Unit <counter0_9_MUSER_sch_6>.
    Related source file is "C:\Users\admin\Documents\GitHub\circuit_year_1_st\store\16-10-23\final_6\sch_6.vf".
    Set property "HU_SET = XLXI_1_0" for instance <XLXI_1>.
    Set property "HU_SET = XLXI_2_1" for instance <XLXI_2>.
    Set property "HU_SET = XLXI_3_2" for instance <XLXI_3>.
    Set property "HU_SET = XLXI_4_3" for instance <XLXI_4>.
    Summary:
	no macro.
Unit <counter0_9_MUSER_sch_6> synthesized.

Synthesizing Unit <FTC_HXILINX_sch_6>.
    Related source file is "C:\Users\admin\Documents\GitHub\circuit_year_1_st\store\16-10-23\final_6\sch_6.vf".
        INIT = 1'b0
    Found 1-bit register for signal <Q>.
    Summary:
	inferred   1 D-type flip-flop(s).
Unit <FTC_HXILINX_sch_6> synthesized.

Synthesizing Unit <seven_seg_MUSER_sch_6>.
    Related source file is "C:\Users\admin\Documents\GitHub\circuit_year_1_st\store\16-10-23\final_6\sch_6.vf".
    Summary:
	no macro.
Unit <seven_seg_MUSER_sch_6> synthesized.

=========================================================================
HDL Synthesis Report

Macro Statistics
# Registers                                            : 28
 1-bit register                                        : 28

=========================================================================

=========================================================================
*                       Advanced HDL Synthesis                          *
=========================================================================


=========================================================================
Advanced HDL Synthesis Report

Macro Statistics
# Registers                                            : 42
 Flip-Flops                                            : 42

=========================================================================

=========================================================================
*                         Low Level Synthesis                           *
=========================================================================

ERROR:Xst:528 - Multi-source in Unit <seven_seg_MUSER_sch_6> on signal <LED7_P67_DUMMY>; this signal is connected to multiple drivers.
Drivers are: 
   Output signal of FD instance <XLXI_50/XLXI_48>
   Output signal of FD instance <XLXI_50/XLXI_110>


Total REAL time to Xst completion: 4.00 secs
Total CPU time to Xst completion: 4.03 secs
 
--> 

Total memory usage is 4487884 kilobytes

Number of errors   :    1 (   0 filtered)
Number of warnings :    0 (   0 filtered)
Number of infos    :    0 (   0 filtered)

