#-----------------------------------------------------------
# PlanAhead v14.7
# Build 321239 by xbuild on Fri Sep 27 19:31:35 MDT 2013
# Start of session at: Mon Oct 16 08:15:36 2023
# Process ID: 13112
# Log file: C:/Users/admin/Documents/GitHub/circuit_year_1_st/store/ex2_7seg/planAhead_run_3/planAhead.log
# Journal file: C:/Users/admin/Documents/GitHub/circuit_year_1_st/store/ex2_7seg/planAhead_run_3/planAhead.jou
#-----------------------------------------------------------
start_gui
source C:/Users/admin/Documents/GitHub/circuit_year_1_st/store/ex2_7seg/pa.fromHdl.tcl
update_compile_order -fileset sim_1
startgroup
set_property package_pin P41 [get_ports A_P41]
endgroup
startgroup
set_property package_pin P40 [get_ports B_P40]
endgroup
startgroup
set_property package_pin P40 [get_ports B_P40]
endgroup
startgroup
set_property package_pin P35 [get_ports C_P35]
endgroup
startgroup
set_property package_pin P44 [get_ports com0_P44]
endgroup
startgroup
set_property package_pin P43 [get_ports com1_P43]
endgroup
startgroup
set_property package_pin P33 [get_ports com2_P33]
endgroup
startgroup
set_property package_pin P30 [get_ports com3_P30]
endgroup
startgroup
set_property package_pin P34 [get_ports D_P34]
endgroup
startgroup
set_property package_pin P32 [get_ports E_P32]
endgroup
startgroup
set_property package_pin P29 [get_ports F_P29]
endgroup
startgroup
set_property package_pin P123 [get_ports P123]
endgroup
save_constraints
